2026-06-07 19:58:37,578 Starting bulk NDVI recalc for all zones
2026-06-07 19:58:37,694 Found 14 zones: ['zone_1779722414', 'zone_1779729139', 'zone_1779729172', 'zone_1779851734', 'zone_1779851863', 'zone_1779851915', 'zone_1779852075', 'zone_1779852290', 'zone_1779852363', 'zone_1779852613', 'zone_1779852693', 'zone_1779852806', 'zone_1780029033', 'zone_1780080136']
2026-06-07 19:58:37,695 [1/14] Starting zone_1779722414...
2026-06-07 20:00:52,940 [1/14] zone_1779722414 OK: date=2026-05-30 mean=0.083
2026-06-07 20:00:52,941 [2/14] Starting zone_1779729139...
2026-06-07 20:02:42,373 [2/14] zone_1779729139 OK: date=2026-05-30 mean=0.085
2026-06-07 20:02:42,374 [3/14] Starting zone_1779729172...
2026-06-07 20:07:26,842 [3/14] zone_1779729172 OK: date=2026-05-30 mean=0.105
2026-06-07 20:07:26,843 [4/14] Starting zone_1779851734...
2026-06-07 20:10:22,181 [4/14] zone_1779851734 OK: date=2026-05-30 mean=0.126
2026-06-07 20:10:22,181 [5/14] Starting zone_1779851863...
2026-06-07 20:13:13,193 [5/14] zone_1779851863 OK: date=2026-05-30 mean=0.115
2026-06-07 20:13:13,194 [6/14] Starting zone_1779851915...
2026-06-07 20:15:38,284 [6/14] zone_1779851915 OK: date=2026-05-30 mean=0.08
2026-06-07 20:15:38,285 [7/14] Starting zone_1779852075...
2026-06-07 20:17:32,392 [7/14] zone_1779852075 OK: date=2026-05-30 mean=0.089
2026-06-07 20:17:32,392 [8/14] Starting zone_1779852290...
2026-06-07 20:19:30,278 [8/14] zone_1779852290 OK: date=2026-05-30 mean=0.05
2026-06-07 20:19:30,279 [9/14] Starting zone_1779852363...
2026-06-07 20:22:32,686 [9/14] zone_1779852363 returned: {'error': 'No suitable Sentinel-2 scene found for this area'}
2026-06-07 20:22:32,686 [10/14] Starting zone_1779852613...
2026-06-07 20:24:22,479 [10/14] zone_1779852613 OK: date=2026-05-30 mean=0.092
2026-06-07 20:24:22,480 [11/14] Starting zone_1779852693...
2026-06-07 20:26:45,405 [11/14] zone_1779852693 OK: date=2026-05-30 mean=0.073
2026-06-07 20:26:45,406 [12/14] Starting zone_1779852806...
2026-06-07 20:29:03,809 [12/14] zone_1779852806 OK: date=2026-05-30 mean=0.054
2026-06-07 20:29:03,810 [13/14] Starting zone_1780029033...
2026-06-07 20:31:06,198 [13/14] zone_1780029033 OK: date=2026-05-30 mean=0.077
2026-06-07 20:31:06,199 [14/14] Starting zone_1780080136...
2026-06-07 20:35:21,812 [14/14] zone_1780080136 OK: date=2026-05-30 mean=0.109
2026-06-07 20:35:21,813 Bulk NDVI recalc DONE
